edt_bsp_uart.c:62:6:EDT_USART_Init	16	static
edt_bsp_uart.c:111:6:EDT_USART_DeInit	0	static
edt_bsp_uart.c:127:26:EDT_UART_Transmit_IT	0	static
edt_bsp_uart.c:142:26:EDT_UART_Receive_IT	8	static
edt_bsp_uart.c:157:19:EDT_UART_Transmit	0	static
edt_bsp_uart.c:171:19:EDT_UART_Receive	0	static
edt_bsp_uart.c:230:13:EDT_RS232_IRQHandler	0	static
edt_bsp_uart.c:178:6:USART2_IRQHandler	8	static
edt_bsp_uart.c:240:13:EDT_RS485_IRQHandler	0	static
edt_bsp_uart.c:185:7:USART6_IRQHandler	8	static
edt_bsp_uart.c:250:13:EDT_RS232_TxCpltCallback	0	static
edt_bsp_uart.c:259:13:EDT_RS485_TxCpltCallback	0	static
edt_bsp_uart.c:192:6:HAL_UART_TxCpltCallback	8	static
edt_bsp_uart.c:268:13:EDT_RS232_RxCpltCallback	0	static
edt_bsp_uart.c:278:13:EDT_RS485_RxCpltCallback	0	static
edt_bsp_uart.c:204:6:HAL_UART_RxCpltCallback	8	static
edt_bsp_uart.c:287:13:EDT_RS232_ErrorCallback	16	static
edt_bsp_uart.c:304:13:EDT_RS485_ErrorCallback	16	static
edt_bsp_uart.c:217:6:HAL_UART_ErrorCallback	8	static
edt_bsp_uart.c:325:1:__io_putchar	16	static
edt_bsp_uart.c:337:1:__io_getchar	16	static
