edt_bsp_lcd.c:132:9:EDT_LCD_DeInit	8	static
edt_bsp_lcd.c:151:6:EDT_LCD_LayerInit	64	static
edt_bsp_lcd.c:189:10:EDT_LCD_GetXSize	0	static
edt_bsp_lcd.c:199:10:EDT_LCD_GetYSize	0	static
edt_bsp_lcd.c:209:6:EDT_LCD_SetSize	0	static
edt_bsp_lcd.c:220:6:EDT_LCD_DisplayOn	8	static
edt_bsp_lcd.c:234:6:EDT_LCD_DisplayOff	8	static
edt_bsp_lcd.c:247:6:EDT_LCD_SetDisplayStatus	0	static
edt_bsp_lcd.c:257:6:EDT_LCD_GetDisplayStatus	0	static
edt_bsp_lcd.c:268:6:EDT_LCD_Reset	8	static
edt_bsp_lcd.c:299:6:EDT_LCD_Sleep_Time	0	static
edt_bsp_lcd.c:304:6:EDT_LCD_Sleep_Function	8	static
edt_bsp_lcd.c:289:6:StartLCDSleepTask	8	static
edt_bsp_lcd.c:328:6:EDT_Sleep_GetDetected	0	static
edt_bsp_lcd.c:333:6:EDT_Sleep_SetDetected	0	static
edt_bsp_lcd.c:344:6:EDT_Sleep_SuspendLCDSleepTask	8	static
edt_bsp_lcd.c:356:6:EDT_Sleep_ResumeLCDSleepTask	8	static
edt_bsp_lcd.c:409:6:EDT_LCD_Clear	40	static
edt_bsp_lcd.c:82:9:EDT_LCD_Init	24	static
