edt_bsp_i2c.c:78:6:EDT_I2Cx_DeInit	0	static
edt_bsp_i2c.c:53:6:EDT_I2Cx_Init	8	static
edt_bsp_i2c.c:96:26:EDT_I2C_Master_Transmit_IT	0	static
edt_bsp_i2c.c:113:26:EDT_I2C_Master_Receive_IT	0	static
edt_bsp_i2c.c:132:19:EDT_I2C_Mem_Write	4	static
edt_bsp_i2c.c:151:19:EDT_I2C_Mem_Read	4	static
edt_bsp_i2c.c:168:19:EDT_I2C_Master_Transmit	0	static
edt_bsp_i2c.c:183:19:EDT_I2C_Master_Receive	0	static
edt_bsp_i2c.c:198:13:EDT_I2C_EV_IRQHandler	0	static
edt_bsp_i2c.c:191:6:I2Cx_EV_IRQHandler	8	static
edt_bsp_i2c.c:212:13:EDT_I2C_ER_IRQHandler	0	static
edt_bsp_i2c.c:205:6:I2Cx_ER_IRQHandler	8	static
edt_bsp_i2c.c:229:13:EDT_I2C_MasterTxCpltCallback	0	static
edt_bsp_i2c.c:219:6:HAL_I2C_MasterTxCpltCallback	8	static
edt_bsp_i2c.c:248:13:EDT_I2C_MasterRxCpltCallback	0	static
edt_bsp_i2c.c:238:6:HAL_I2C_MasterRxCpltCallback	8	static
