Drawable.hpp:121:18:virtual void touchgfx::Drawable::invalidateContent() const	0	static
Drawable.hpp:147:23:virtual touchgfx::Drawable* touchgfx::Drawable::getFirstChild()	0	static
Drawable.hpp:315:18:virtual void touchgfx::Drawable::setX(int16_t)	0	static
Drawable.hpp:327:18:virtual void touchgfx::Drawable::setY(int16_t)	0	static
Drawable.hpp:356:18:virtual void touchgfx::Drawable::setWidth(int16_t)	0	static
Drawable.hpp:368:18:virtual void touchgfx::Drawable::setHeight(int16_t)	0	static
Drawable.hpp:378:18:virtual void touchgfx::Drawable::childGeometryChanged()	0	static
Drawable.hpp:389:18:virtual void touchgfx::Drawable::handleClickEvent(const touchgfx::ClickEvent&)	0	static
Drawable.hpp:401:18:virtual void touchgfx::Drawable::handleGestureEvent(const touchgfx::GestureEvent&)	0	static
Drawable.hpp:490:18:virtual void touchgfx::Drawable::handleDragEvent(const touchgfx::DragEvent&)	0	static
Drawable.hpp:501:18:virtual void touchgfx::Drawable::handleTickEvent()	0	static
Drawable.hpp:588:18:virtual void touchgfx::Drawable::moveTo(int16_t, int16_t)	4	static
Drawable.hpp:703:18:virtual void touchgfx::Drawable::setupDrawChain(const touchgfx::Rect&, touchgfx::Drawable**)	0	static
Widget.hpp:45:18:virtual void touchgfx::Widget::getLastChild(int16_t, int16_t, touchgfx::Drawable**)	0	static
Container.hpp:165:23:virtual touchgfx::Drawable* touchgfx::Container::getFirstChild()	0	static
Screen.hpp:93:18:virtual void touchgfx::Screen::setupScreen()	0	static
Screen.hpp:104:18:virtual void touchgfx::Screen::afterTransition()	0	static
Screen.hpp:115:18:virtual void touchgfx::Screen::tearDownScreen()	0	static
Screen.hpp:144:18:virtual void touchgfx::Screen::handleTickEvent()	0	static
Screen.hpp:154:18:virtual void touchgfx::Screen::handleKeyEvent(uint8_t)	0	static
Image.hpp:118:18:virtual void touchgfx::Image::invalidateContent() const	8	static
AbstractButtonContainer.hpp:114:18:virtual void touchgfx::AbstractButtonContainer::handlePressedUpdated()	0	static
AbstractButtonContainer.hpp:119:18:virtual void touchgfx::AbstractButtonContainer::handleAlphaUpdated()	0	static
AbstractButtonContainer.hpp:34:7:touchgfx::AbstractButtonContainer::~AbstractButtonContainer()	0	static
TypedText.hpp:65:13:touchgfx::TypedText::~TypedText()	0	static
TextArea.hpp:48:18:virtual void touchgfx::TextArea::setWidth(int16_t)	32	static
TextArea.hpp:54:18:virtual void touchgfx::TextArea::setHeight(int16_t)	32	static
TextArea.hpp:60:18:virtual touchgfx::Rect touchgfx::TextArea::getSolidRect() const	0	static
TextArea.hpp:89:18:virtual void touchgfx::TextArea::setAlpha(uint8_t)	0	static
TextArea.hpp:127:18:virtual void touchgfx::TextArea::setXBaselineY(int16_t, int16_t)	16	static
TextArea.hpp:403:41:virtual const UnicodeChar* touchgfx::TextArea::getWildcard2() const	0	static
TextAreaWithWildcard.hpp:43:18:virtual void touchgfx::TextAreaWithWildcardBase::invalidateContent() const	8	static
TextAreaWithWildcard.hpp:84:41:virtual const UnicodeChar* touchgfx::TextAreaWithOneWildcard::getWildcard1() const	0	static
Screen1ViewBase.hpp:30:18:virtual void Screen1ViewBase::percentClicked()	0	static
Screen1ViewBase.hpp:34:18:virtual void Screen1ViewBase::keyDoneClicked()	0	static
Screen1ViewBase.hpp:38:18:virtual void Screen1ViewBase::keyOneClicked()	0	static
Screen1ViewBase.hpp:42:18:virtual void Screen1ViewBase::keyZeroClicked()	0	static
Screen1ViewBase.hpp:46:18:virtual void Screen1ViewBase::keyNineClicked()	0	static
Screen1ViewBase.hpp:50:18:virtual void Screen1ViewBase::keyEightClicked()	0	static
Screen1ViewBase.hpp:54:18:virtual void Screen1ViewBase::keySevenClicked()	0	static
Screen1ViewBase.hpp:58:18:virtual void Screen1ViewBase::keySixClicked()	0	static
Screen1ViewBase.hpp:62:18:virtual void Screen1ViewBase::keyFiveClicked()	0	static
Screen1ViewBase.hpp:66:18:virtual void Screen1ViewBase::keyFourClicked()	0	static
Screen1ViewBase.hpp:70:18:virtual void Screen1ViewBase::keyThreeClicked()	0	static
Screen1ViewBase.hpp:74:18:virtual void Screen1ViewBase::keyTwoClicked()	0	static
Screen1ViewBase.hpp:78:18:virtual void Screen1ViewBase::keyDeleteClicked()	0	static
Screen1ViewBase.hpp:82:18:virtual void Screen1ViewBase::waterToggleClicked()	0	static
Screen1ViewBase.hpp:86:18:virtual void Screen1ViewBase::depthOnClicked()	0	static
Screen1ViewBase.hpp:90:18:virtual void Screen1ViewBase::percentOnClicked()	0	static
Screen1ViewBase.hpp:94:18:virtual void Screen1ViewBase::runRevClicked()	0	static
Screen1ViewBase.hpp:98:18:virtual void Screen1ViewBase::stopRunClicked()	0	static
Screen1ViewBase.hpp:102:18:virtual void Screen1ViewBase::runFwdClicked()	0	static
Screen1ViewBase.hpp:106:18:virtual void Screen1ViewBase::keyBtn1Clicked()	0	static
View.hpp:36:7:touchgfx::View<Screen1Presenter>::~View()	0	static
Screen1ViewBase.cpp:343:1:Screen1ViewBase::~Screen1ViewBase()	0	static
Screen1ViewBase.cpp:348:6:virtual void Screen1ViewBase::setupScreen()	0	static
ClickButtonTrigger.hpp:35:7:touchgfx::ClickButtonTrigger::~ClickButtonTrigger()	0	static
BoxWithBorderButtonStyle.hpp:41:7:touchgfx::BoxWithBorderButtonStyle<touchgfx::ClickButtonTrigger>::~BoxWithBorderButtonStyle()	0	static
ToggleButtonTrigger.hpp:36:7:touchgfx::ToggleButtonTrigger::~ToggleButtonTrigger()	0	static
BoxWithBorderButtonStyle.hpp:41:7:touchgfx::BoxWithBorderButtonStyle<touchgfx::ToggleButtonTrigger>::~BoxWithBorderButtonStyle()	0	static
ImageButtonStyle.hpp:45:7:touchgfx::ImageButtonStyle<touchgfx::BoxWithBorderButtonStyle<touchgfx::ToggleButtonTrigger> >::~ImageButtonStyle()	0	static
BoxWithBorderButtonStyle.hpp:123:18:void touchgfx::BoxWithBorderButtonStyle<T>::handlePressedUpdated() [with T = touchgfx::ClickButtonTrigger]	0	static
BoxWithBorderButtonStyle.hpp:123:18:void touchgfx::BoxWithBorderButtonStyle<T>::handlePressedUpdated() [with T = touchgfx::ToggleButtonTrigger]	0	static
TextButtonStyle.hpp:138:18:void touchgfx::TextButtonStyle<T>::handlePressedUpdated() [with T = touchgfx::BoxWithBorderButtonStyle<touchgfx::ClickButtonTrigger>]	8	static
Callback.hpp:357:8:touchgfx::Callback<Screen1ViewBase, const touchgfx::AbstractButton&>::~Callback()	0	static
Callback.hpp:357:8:touchgfx::Callback<Screen1ViewBase, const touchgfx::AbstractButtonContainer&>::~Callback()	0	static
TextButtonStyle.hpp:43:7:touchgfx::TextButtonStyle<touchgfx::BoxWithBorderButtonStyle<touchgfx::ClickButtonTrigger> >::~TextButtonStyle()	0	static
IconButtonStyle.hpp:44:7:touchgfx::IconButtonStyle<touchgfx::BoxWithBorderButtonStyle<touchgfx::ClickButtonTrigger> >::~IconButtonStyle()	0	static
IconButtonStyle.hpp:44:7:touchgfx::IconButtonStyle<touchgfx::ImageButtonStyle<touchgfx::BoxWithBorderButtonStyle<touchgfx::ToggleButtonTrigger> > >::~IconButtonStyle()	0	static
ImageButtonStyle.hpp:45:7:touchgfx::ImageButtonStyle<touchgfx::BoxWithBorderButtonStyle<touchgfx::ClickButtonTrigger> >::~ImageButtonStyle()	0	static
Draggable.hpp:32:7:touchgfx::Draggable<touchgfx::ScalableImage>::~Draggable()	0	static
TextAreaWithWildcard.hpp:62:7:touchgfx::TextAreaWithOneWildcard::~TextAreaWithOneWildcard()	0	static
Callback.hpp:386:18:void touchgfx::Callback<dest_type, T1, void, void>::execute(T1) [with dest_type = Screen1ViewBase; T1 = const touchgfx::AbstractButton&]	8	static
Callback.hpp:396:18:bool touchgfx::Callback<dest_type, T1, void, void>::isValid() const [with dest_type = Screen1ViewBase; T1 = const touchgfx::AbstractButton&]	0	static
Callback.hpp:386:18:void touchgfx::Callback<dest_type, T1, void, void>::execute(T1) [with dest_type = Screen1ViewBase; T1 = const touchgfx::AbstractButtonContainer&]	8	static
Callback.hpp:396:18:bool touchgfx::Callback<dest_type, T1, void, void>::isValid() const [with dest_type = Screen1ViewBase; T1 = const touchgfx::AbstractButtonContainer&]	0	static
TextButtonStyle.hpp:145:18:void touchgfx::TextButtonStyle<T>::handleAlphaUpdated() [with T = touchgfx::BoxWithBorderButtonStyle<touchgfx::ClickButtonTrigger>]	0	static
IconButtonStyle.hpp:144:18:void touchgfx::IconButtonStyle<T>::handleAlphaUpdated() [with T = touchgfx::BoxWithBorderButtonStyle<touchgfx::ClickButtonTrigger>]	0	static
IconButtonStyle.hpp:144:18:void touchgfx::IconButtonStyle<T>::handleAlphaUpdated() [with T = touchgfx::ImageButtonStyle<touchgfx::BoxWithBorderButtonStyle<touchgfx::ToggleButtonTrigger> >]	0	static
ImageButtonStyle.hpp:104:18:void touchgfx::ImageButtonStyle<T>::handleAlphaUpdated() [with T = touchgfx::BoxWithBorderButtonStyle<touchgfx::ToggleButtonTrigger>]	0	static
BoxWithBorderButtonStyle.hpp:131:18:void touchgfx::BoxWithBorderButtonStyle<T>::handleAlphaUpdated() [with T = touchgfx::ToggleButtonTrigger]	0	static
ImageButtonStyle.hpp:104:18:void touchgfx::ImageButtonStyle<T>::handleAlphaUpdated() [with T = touchgfx::BoxWithBorderButtonStyle<touchgfx::ClickButtonTrigger>]	0	static
BoxWithBorderButtonStyle.hpp:131:18:void touchgfx::BoxWithBorderButtonStyle<T>::handleAlphaUpdated() [with T = touchgfx::ClickButtonTrigger]	0	static
ImageButtonStyle.hpp:97:18:void touchgfx::ImageButtonStyle<T>::handlePressedUpdated() [with T = touchgfx::BoxWithBorderButtonStyle<touchgfx::ClickButtonTrigger>]	8	static
IconButtonStyle.hpp:137:18:void touchgfx::IconButtonStyle<T>::handlePressedUpdated() [with T = touchgfx::BoxWithBorderButtonStyle<touchgfx::ClickButtonTrigger>]	8	static
ImageButtonStyle.hpp:97:18:void touchgfx::ImageButtonStyle<T>::handlePressedUpdated() [with T = touchgfx::BoxWithBorderButtonStyle<touchgfx::ToggleButtonTrigger>]	8	static
IconButtonStyle.hpp:137:18:void touchgfx::IconButtonStyle<T>::handlePressedUpdated() [with T = touchgfx::ImageButtonStyle<touchgfx::BoxWithBorderButtonStyle<touchgfx::ToggleButtonTrigger> >]	8	static
TypedText.hpp:65:13:virtual touchgfx::TypedText::~TypedText()	8	static
View.hpp:36:7:virtual touchgfx::View<Screen1Presenter>::~View()	8	static
AbstractButtonContainer.hpp:34:7:virtual touchgfx::AbstractButtonContainer::~AbstractButtonContainer()	8	static
ClickButtonTrigger.hpp:35:7:virtual touchgfx::ClickButtonTrigger::~ClickButtonTrigger()	8	static
ToggleButtonTrigger.hpp:36:7:virtual touchgfx::ToggleButtonTrigger::~ToggleButtonTrigger()	8	static
Draggable.hpp:32:7:virtual touchgfx::Draggable<touchgfx::ScalableImage>::~Draggable()	8	static
BoxWithBorderButtonStyle.hpp:41:7:virtual touchgfx::BoxWithBorderButtonStyle<touchgfx::ClickButtonTrigger>::~BoxWithBorderButtonStyle()	8	static
ImageButtonStyle.hpp:45:7:virtual touchgfx::ImageButtonStyle<touchgfx::BoxWithBorderButtonStyle<touchgfx::ClickButtonTrigger> >::~ImageButtonStyle()	8	static
IconButtonStyle.hpp:44:7:virtual touchgfx::IconButtonStyle<touchgfx::BoxWithBorderButtonStyle<touchgfx::ClickButtonTrigger> >::~IconButtonStyle()	8	static
BoxWithBorderButtonStyle.hpp:41:7:virtual touchgfx::BoxWithBorderButtonStyle<touchgfx::ToggleButtonTrigger>::~BoxWithBorderButtonStyle()	8	static
ImageButtonStyle.hpp:45:7:virtual touchgfx::ImageButtonStyle<touchgfx::BoxWithBorderButtonStyle<touchgfx::ToggleButtonTrigger> >::~ImageButtonStyle()	8	static
IconButtonStyle.hpp:44:7:virtual touchgfx::IconButtonStyle<touchgfx::ImageButtonStyle<touchgfx::BoxWithBorderButtonStyle<touchgfx::ToggleButtonTrigger> > >::~IconButtonStyle()	8	static
TextButtonStyle.hpp:43:7:virtual touchgfx::TextButtonStyle<touchgfx::BoxWithBorderButtonStyle<touchgfx::ClickButtonTrigger> >::~TextButtonStyle()	8	static
TextAreaWithWildcard.hpp:62:7:virtual touchgfx::TextAreaWithOneWildcard::~TextAreaWithOneWildcard()	8	static
Callback.hpp:357:8:virtual touchgfx::Callback<Screen1ViewBase, const touchgfx::AbstractButtonContainer&>::~Callback()	8	static
Callback.hpp:357:8:virtual touchgfx::Callback<Screen1ViewBase, const touchgfx::AbstractButton&>::~Callback()	8	static
Screen1ViewBase.cpp:343:1:virtual Screen1ViewBase::~Screen1ViewBase()	8	static
Screen1ViewBase.cpp:353:6:void Screen1ViewBase::flexButtonCallbackHandler(const touchgfx::AbstractButtonContainer&)	16	static
Draggable.hpp:48:18:void touchgfx::Draggable<T>::handleDragEvent(const touchgfx::DragEvent&) [with T = touchgfx::ScalableImage]	0	static
TextArea.hpp:111:18:virtual void touchgfx::TextArea::setBaselineY(int16_t)	16	static
AbstractButtonContainer.hpp:99:18:virtual void touchgfx::AbstractButtonContainer::executeAction()	8	static
Screen1ViewBase.cpp:489:6:void Screen1ViewBase::buttonCallbackHandler(const touchgfx::AbstractButton&)	16	static
TextAreaWithWildcard.hpp:49:36:virtual touchgfx::TextArea::BoundingArea touchgfx::TextAreaWithWildcardBase::calculateBoundingArea() const	0	static
ClickButtonTrigger.hpp:47:18:virtual void touchgfx::ClickButtonTrigger::handleClickEvent(const touchgfx::ClickEvent&)	16	static
ToggleButtonTrigger.hpp:78:18:virtual void touchgfx::ToggleButtonTrigger::handleClickEvent(const touchgfx::ClickEvent&)	16	static
Drawable.hpp:48:5:touchgfx::Drawable::Drawable()	0	static
Drawable.hpp:343:10:void touchgfx::Drawable::setXY(int16_t, int16_t)	16	static
IconButtonStyle.hpp:59:18:void touchgfx::IconButtonStyle<T>::setIconBitmaps(const touchgfx::Bitmap&, const touchgfx::Bitmap&) [with T = touchgfx::ImageButtonStyle<touchgfx::BoxWithBorderButtonStyle<touchgfx::ToggleButtonTrigger> >]	32	static
IconButtonStyle.hpp:59:18:void touchgfx::IconButtonStyle<T>::setIconBitmaps(const touchgfx::Bitmap&, const touchgfx::Bitmap&) [with T = touchgfx::BoxWithBorderButtonStyle<touchgfx::ClickButtonTrigger>]	32	static
Drawable.hpp:413:10:void touchgfx::Drawable::setWidthHeight(int16_t, int16_t)	16	static
Drawable.hpp:233:10:void touchgfx::Drawable::setPosition(int16_t, int16_t, int16_t, int16_t)	16	static
Drawable.hpp:465:10:void touchgfx::Drawable::setWidthHeight(const touchgfx::Bitmap&)	16	static
ImageButtonStyle.hpp:61:18:void touchgfx::ImageButtonStyle<T>::setBitmaps(const touchgfx::Bitmap&, const touchgfx::Bitmap&) [with T = touchgfx::BoxWithBorderButtonStyle<touchgfx::ClickButtonTrigger>]	8	static
ImageButtonStyle.hpp:61:18:void touchgfx::ImageButtonStyle<T>::setBitmaps(const touchgfx::Bitmap&, const touchgfx::Bitmap&) [with T = touchgfx::BoxWithBorderButtonStyle<touchgfx::ToggleButtonTrigger>]	8	static
Box.hpp:33:5:touchgfx::Box::Box()	8	static
Image.hpp:50:5:touchgfx::Image::Image(const touchgfx::Bitmap&)	16	static
TextArea.hpp:43:5:touchgfx::TextArea::TextArea()	8	static
TextAreaWithWildcard.hpp:65:5:touchgfx::TextAreaWithOneWildcard::TextAreaWithOneWildcard()	8	static
ToggleButton.hpp:32:7:touchgfx::ToggleButton::ToggleButton()	8	static
BoxWithBorderButtonStyle.hpp:44:5:touchgfx::BoxWithBorderButtonStyle<T>::BoxWithBorderButtonStyle() [with T = touchgfx::ClickButtonTrigger]	16	static
IconButtonStyle.hpp:47:5:touchgfx::IconButtonStyle<T>::IconButtonStyle() [with T = touchgfx::ImageButtonStyle<touchgfx::BoxWithBorderButtonStyle<touchgfx::ToggleButtonTrigger> >]	32	static
IconButtonStyle.hpp:47:5:touchgfx::IconButtonStyle<T>::IconButtonStyle() [with T = touchgfx::BoxWithBorderButtonStyle<touchgfx::ClickButtonTrigger>]	24	static
TextButtonStyle.hpp:46:5:touchgfx::TextButtonStyle<T>::TextButtonStyle() [with T = touchgfx::BoxWithBorderButtonStyle<touchgfx::ClickButtonTrigger>]	16	static
BoxWithBorderButtonStyle.hpp:94:10:void touchgfx::BoxWithBorderButtonStyle<T>::setBoxWithBorderColors(touchgfx::colortype, touchgfx::colortype, touchgfx::colortype, touchgfx::colortype) [with T = touchgfx::ClickButtonTrigger]	4	static
TextButtonStyle.hpp:57:10:void touchgfx::TextButtonStyle<T>::setText(touchgfx::TypedText) [with T = touchgfx::BoxWithBorderButtonStyle<touchgfx::ClickButtonTrigger>]	16	static
TextButtonStyle.hpp:124:10:void touchgfx::TextButtonStyle<T>::setTextColors(touchgfx::colortype, touchgfx::colortype) [with T = touchgfx::BoxWithBorderButtonStyle<touchgfx::ClickButtonTrigger>]	0	static
Screen1ViewBase.cpp:9:1:Screen1ViewBase::Screen1ViewBase()	264	static
