usbd_conf.c:65:6:HAL_PCD_MspInit	184	static
usbd_conf.c:115:6:HAL_PCD_MspDeInit	8	static
usbd_conf.c:150:6:HAL_PCD_SetupStageCallback	0	static
usbd_conf.c:165:6:HAL_PCD_DataOutStageCallback	0	static
usbd_conf.c:180:6:HAL_PCD_DataInStageCallback	0	static
usbd_conf.c:194:6:HAL_PCD_SOFCallback	0	static
usbd_conf.c:208:6:HAL_PCD_ResetCallback	8	static
usbd_conf.c:241:6:HAL_PCD_SuspendCallback	8	static
usbd_conf.c:266:6:HAL_PCD_ResumeCallback	0	static
usbd_conf.c:284:6:HAL_PCD_ISOOUTIncompleteCallback	0	static
usbd_conf.c:299:6:HAL_PCD_ISOINIncompleteCallback	0	static
usbd_conf.c:313:6:HAL_PCD_ConnectCallback	0	static
usbd_conf.c:327:6:HAL_PCD_DisconnectCallback	0	static
usbd_conf.c:342:20:USBD_LL_Init	8	static
usbd_conf.c:392:20:USBD_LL_DeInit	8	static
usbd_conf.c:409:20:USBD_LL_Start	8	static
usbd_conf.c:426:20:USBD_LL_Stop	8	static
usbd_conf.c:446:20:USBD_LL_OpenEP	8	static
usbd_conf.c:464:20:USBD_LL_CloseEP	8	static
usbd_conf.c:482:20:USBD_LL_FlushEP	8	static
usbd_conf.c:500:20:USBD_LL_StallEP	8	static
usbd_conf.c:518:20:USBD_LL_ClearStallEP	8	static
usbd_conf.c:536:9:USBD_LL_IsStallEP	0	static
usbd_conf.c:556:20:USBD_LL_SetUSBAddress	8	static
usbd_conf.c:576:20:USBD_LL_Transmit	8	static
usbd_conf.c:596:20:USBD_LL_PrepareReceive	8	static
usbd_conf.c:614:10:USBD_LL_GetRxDataSize	0	static
usbd_conf.c:624:6:USBD_LL_Delay	0	static
usbd_conf.c:634:20:USBD_Get_USB_Status	0	static
